########## CORE OBJECTS ##########

$ kubectl apply -f k8s-core-objects/pod.yml
pod/mypod created

$ kubectl apply -f k8s-core-objects/replicaset.yml
replicaset.apps/myapp-rs created

$ kubectl apply -f k8s-core-objects/deployment.yml
deployment.apps/myapp created

$ kubectl apply -f k8s-core-objects/deamonset.yml
daemonset.apps/node-exporter created

$ kubectl get pods -o wide
NAME                     READY   STATUS              RESTARTS   AGE   IP       NODE       NOMINATED NODE   READINESS GATES
myapp-5b9587f95d-hc7m7   0/1     ContainerCreating   0          30s   <none>   minikube   <none>           <none>
myapp-5b9587f95d-hjv26   0/1     ContainerCreating   0          30s   <none>   minikube   <none>           <none>
myapp-5b9587f95d-rvt2l   0/1     ContainerCreating   0          30s   <none>   minikube   <none>           <none>
myapp-rs-dff7x           0/1     ContainerCreating   0          31s   <none>   minikube   <none>           <none>
myapp-rs-dvwrp           0/1     ContainerCreating   0          31s   <none>   minikube   <none>           <none>
myapp-rs-zctrb           0/1     ContainerCreating   0          31s   <none>   minikube   <none>           <none>
mypod                    0/2     ContainerCreating   0          31s   <none>   minikube   <none>           <none>
node-exporter-fpqrb      0/1     ContainerCreating   0          30s   <none>   minikube   <none>           <none>

$ kubectl get rs,deploy,ds
NAME                               DESIRED   CURRENT   READY   AGE
replicaset.apps/myapp-5b9587f95d   3         3         0       30s
replicaset.apps/myapp-rs           3         3         0       31s

NAME                    READY   UP-TO-DATE   AVAILABLE   AGE
deployment.apps/myapp   0/3     3            0           30s

NAME                           DESIRED   CURRENT   READY   UP-TO-DATE   AVAILABLE   NODE SELECTOR   AGE
daemonset.apps/node-exporter   1         1         0       1            0           <none>          30s

$ kubectl apply -f k8s-core-objects/statefulset.yml
statefulset.apps/mysql created

$ kubectl get pods -o wide
NAME                     READY   STATUS              RESTARTS   AGE    IP            NODE       NOMINATED NODE   READINESS GATES
myapp-5b9587f95d-hc7m7   0/1     ContainerCreating   0          2m     <none>        minikube   <none>           <none>
myapp-5b9587f95d-hjv26   0/1     ContainerCreating   0          2m     <none>        minikube   <none>           <none>
myapp-5b9587f95d-rvt2l   0/1     ContainerCreating   0          2m     <none>        minikube   <none>           <none>
myapp-rs-dff7x           0/1     ContainerCreating   0          2m1s   <none>        minikube   <none>           <none>
myapp-rs-dvwrp           0/1     ContainerCreating   0          2m1s   <none>        minikube   <none>           <none>
myapp-rs-zctrb           0/1     ContainerCreating   0          2m1s   <none>        minikube   <none>           <none>
mypod                    0/2     ContainerCreating   0          2m1s   <none>        minikube   <none>           <none>
mysql-0                  1/1     Running             0          90s    10.244.0.11   minikube   <none>           <none>
mysql-1                  1/1     Running             0          89s    10.244.0.12   minikube   <none>           <none>
mysql-2                  1/1     Running             0          88s    10.244.0.13   minikube   <none>           <none>
node-exporter-fpqrb      0/1     ContainerCreating   0          2m     <none>        minikube   <none>           <none>

$ kubectl get sts
NAME    READY   AGE
mysql   3/3     90s

$ kubectl describe sts mysql
Name:                   mysql
Namespace:              default
CreationTimestamp:      Sat, 19 Sep 2026 20:45:27 +0000
Selector:               app=mysql
Labels:                 <none>
Annotations:            <none>
Service Name:           mysql
Pod Management Policy:  OrderedReady
Replicas:               3 desired | 3 total
Update Strategy:        RollingUpdate
  Partition:            0
  MaxUnavailable:       1
Persistent Volume Claim Retention Policy:
  WhenDeleted:  Retain
  WhenScaled:   Retain
Pods Status:    3 Running / 0 Waiting / 0 Succeeded / 0 Failed
Pod Template:
  Labels:  app=mysql
  Containers:
   mysql:
    Image:      mysql:5.7
    Port:       3306/TCP
    Host Port:  0/TCP
    Environment:
      MYSQL_ROOT_PASSWORD:  password
    Mounts:
      /var/lib/mysql from mysql-persistent-storage (rw)
  Volumes:         <none>
  Node-Selectors:  <none>
  Tolerations:     <none>
Volume Claims:
  Name:          mysql-persistent-storage
  StorageClass:  
  Labels:        <none>
  Annotations:   <none>
  Capacity:      5Gi
  Access Modes:  [ReadWriteOnce]
Events:
  Type    Reason            Age   From                    Message
  ----    ------            ----  ----                    -------
  Normal  SuccessfulCreate  90s   statefulset-controller  Create Claim mysql-persistent-storage-mysql-0 Pod mysql-0 in StatefulSet mysql success
  Normal  SuccessfulCreate  90s   statefulset-controller  Create Pod mysql-0 in StatefulSet mysql successful
  Normal  SuccessfulCreate  89s   statefulset-controller  Create Claim mysql-persistent-storage-mysql-1 Pod mysql-1 in StatefulSet mysql success
  Normal  SuccessfulCreate  89s   statefulset-controller  Create Pod mysql-1 in StatefulSet mysql successful
  Normal  SuccessfulCreate  88s   statefulset-controller  Create Claim mysql-persistent-storage-mysql-2 Pod mysql-2 in StatefulSet mysql success
  Normal  SuccessfulCreate  88s   statefulset-controller  Create Pod mysql-2 in StatefulSet mysql successful

$ kubectl delete -f k8s-core-objects/ --ignore-not-found
daemonset.apps "node-exporter" deleted from default namespace
deployment.apps "myapp" deleted from default namespace
pod "mypod" deleted from default namespace
replicaset.apps "myapp-rs" deleted from default namespace
statefulset.apps "mysql" deleted from default namespace
########## 01 ROLLING UPDATE ##########

$ kubectl apply -f 01-rolling-update/deployment-v1.yaml
deployment.apps/app-rolling created

$ kubectl apply -f 01-rolling-update/service.yaml
service/app-rolling-service created

$ kubectl rollout status deployment/app-rolling --timeout=120s
Waiting for deployment "app-rolling" rollout to finish: 0 of 4 updated replicas are available...
Waiting for deployment "app-rolling" rollout to finish: 1 of 4 updated replicas are available...
Waiting for deployment "app-rolling" rollout to finish: 2 of 4 updated replicas are available...
Waiting for deployment "app-rolling" rollout to finish: 3 of 4 updated replicas are available...
deployment "app-rolling" successfully rolled out

$ kubectl get pods -l app=app-rolling --show-labels
NAME                           READY   STATUS    RESTARTS   AGE   LABELS
app-rolling-86d7d44d5b-99rj8   1/1     Running   0          7s    app=app-rolling,pod-template-hash=86d7d44d5b,version=v1
app-rolling-86d7d44d5b-q4nf7   1/1     Running   0          7s    app=app-rolling,pod-template-hash=86d7d44d5b,version=v1
app-rolling-86d7d44d5b-tnh86   1/1     Running   0          7s    app=app-rolling,pod-template-hash=86d7d44d5b,version=v1
app-rolling-86d7d44d5b-wpflz   1/1     Running   0          7s    app=app-rolling,pod-template-hash=86d7d44d5b,version=v1

$ curl -s http://$(minikube ip):30010 | grep -o "VERSION: [^<]*"
VERSION: v1

$ for i in $(seq 1 40); do curl -s --connect-timeout 1 http://$(minikube ip):30010 | grep -o "VERSION: [^<]*" || echo "[no response]"; sleep 0.5; done > /tmp/rolling-curl.txt 2>&1 &

$ kubectl apply -f 01-rolling-update/deployment-v2.yaml
deployment.apps/app-rolling configured

$ kubectl rollout status deployment/app-rolling --timeout=120s
Waiting for deployment "app-rolling" rollout to finish: 1 out of 4 new replicas have been updated...
Waiting for deployment "app-rolling" rollout to finish: 1 out of 4 new replicas have been updated...
Waiting for deployment "app-rolling" rollout to finish: 1 out of 4 new replicas have been updated...
Waiting for deployment "app-rolling" rollout to finish: 2 out of 4 new replicas have been updated...
Waiting for deployment "app-rolling" rollout to finish: 2 out of 4 new replicas have been updated...
Waiting for deployment "app-rolling" rollout to finish: 2 out of 4 new replicas have been updated...
Waiting for deployment "app-rolling" rollout to finish: 2 out of 4 new replicas have been updated...
Waiting for deployment "app-rolling" rollout to finish: 3 out of 4 new replicas have been updated...
Waiting for deployment "app-rolling" rollout to finish: 3 out of 4 new replicas have been updated...
Waiting for deployment "app-rolling" rollout to finish: 3 out of 4 new replicas have been updated...
Waiting for deployment "app-rolling" rollout to finish: 3 out of 4 new replicas have been updated...
Waiting for deployment "app-rolling" rollout to finish: 1 old replicas are pending termination...
Waiting for deployment "app-rolling" rollout to finish: 1 old replicas are pending termination...
Waiting for deployment "app-rolling" rollout to finish: 1 old replicas are pending termination...
deployment "app-rolling" successfully rolled out

$ cat /tmp/rolling-curl.txt | uniq -c
     11 VERSION: v1
      3 VERSION: v2
      4 VERSION: v1
      1 VERSION: v2
      1 VERSION: v1
      2 VERSION: v2
      1 VERSION: v1
      3 VERSION: v2
      2 VERSION: v1
      2 VERSION: v2
      1 VERSION: v1
      9 VERSION: v2

$ kubectl get pods -l app=app-rolling --show-labels
NAME                           READY   STATUS    RESTARTS   AGE   LABELS
app-rolling-56bff6d88c-lrd9c   1/1     Running   0          17s   app=app-rolling,pod-template-hash=56bff6d88c,version=v2
app-rolling-56bff6d88c-rpg46   1/1     Running   0          9s    app=app-rolling,pod-template-hash=56bff6d88c,version=v2
app-rolling-56bff6d88c-z2cdk   1/1     Running   0          30s   app=app-rolling,pod-template-hash=56bff6d88c,version=v2
app-rolling-56bff6d88c-zv746   1/1     Running   0          24s   app=app-rolling,pod-template-hash=56bff6d88c,version=v2

$ kubectl rollout history deployment/app-rolling
deployment.apps/app-rolling 
REVISION  CHANGE-CAUSE
1         <none>
2         <none>


$ kubectl rollout undo deployment/app-rolling
Warning: resource deployments/app-rolling was previously managed with 'kubectl apply'. Rolling back will not update the kubectl.kubernetes.io/last-applied-configuration annotation, which may cause unexpected behavior on future 'kubectl apply' operations. Consider using 'kubectl apply' with your previous configuration file instead.
deployment.apps/app-rolling rolled back

$ kubectl rollout status deployment/app-rolling --timeout=120s
Waiting for deployment "app-rolling" rollout to finish: 1 out of 4 new replicas have been updated...
Waiting for deployment "app-rolling" rollout to finish: 1 out of 4 new replicas have been updated...
Waiting for deployment "app-rolling" rollout to finish: 1 out of 4 new replicas have been updated...
Waiting for deployment "app-rolling" rollout to finish: 2 out of 4 new replicas have been updated...
Waiting for deployment "app-rolling" rollout to finish: 2 out of 4 new replicas have been updated...
Waiting for deployment "app-rolling" rollout to finish: 2 out of 4 new replicas have been updated...
Waiting for deployment "app-rolling" rollout to finish: 2 out of 4 new replicas have been updated...
Waiting for deployment "app-rolling" rollout to finish: 3 out of 4 new replicas have been updated...
Waiting for deployment "app-rolling" rollout to finish: 3 out of 4 new replicas have been updated...
Waiting for deployment "app-rolling" rollout to finish: 3 out of 4 new replicas have been updated...
Waiting for deployment "app-rolling" rollout to finish: 3 out of 4 new replicas have been updated...
Waiting for deployment "app-rolling" rollout to finish: 1 old replicas are pending termination...
Waiting for deployment "app-rolling" rollout to finish: 1 old replicas are pending termination...
Waiting for deployment "app-rolling" rollout to finish: 1 old replicas are pending termination...
deployment "app-rolling" successfully rolled out

$ kubectl get pods -l app=app-rolling --show-labels
NAME                           READY   STATUS        RESTARTS   AGE   LABELS
app-rolling-56bff6d88c-zv746   1/1     Terminating   0          53s   app=app-rolling,pod-template-hash=56bff6d88c,version=v2
app-rolling-86d7d44d5b-ds47f   1/1     Running       0          8s    app=app-rolling,pod-template-hash=86d7d44d5b,version=v1
app-rolling-86d7d44d5b-hth57   1/1     Running       0          22s   app=app-rolling,pod-template-hash=86d7d44d5b,version=v1
app-rolling-86d7d44d5b-mcf68   1/1     Running       0          15s   app=app-rolling,pod-template-hash=86d7d44d5b,version=v1
app-rolling-86d7d44d5b-wqqws   1/1     Running       0          28s   app=app-rolling,pod-template-hash=86d7d44d5b,version=v1

$ kubectl delete -f 01-rolling-update/service.yaml
service "app-rolling-service" deleted from default namespace

$ kubectl delete -f 01-rolling-update/deployment-v1.yaml
deployment.apps "app-rolling" deleted from default namespace
########## 02 BLUE-GREEN ##########

$ kubectl apply -f 02-blue-green/deployment-blue.yaml
deployment.apps/app-blue created

$ kubectl apply -f 02-blue-green/deployment-green.yaml
deployment.apps/app-green created

$ kubectl apply -f 02-blue-green/service-blue.yaml
service/myapp-service created

$ kubectl get pods -l app=myapp --show-labels
NAME                        READY   STATUS    RESTARTS   AGE   LABELS
app-blue-5c69d7785c-2m8xn   1/1     Running   0          16s   app=myapp,pod-template-hash=5c69d7785c,slot=blue,version=v1
app-blue-5c69d7785c-8qwzf   1/1     Running   0          16s   app=myapp,pod-template-hash=5c69d7785c,slot=blue,version=v1
app-blue-5c69d7785c-ljkzz   1/1     Running   0          16s   app=myapp,pod-template-hash=5c69d7785c,slot=blue,version=v1
app-green-84df7f978-k2fqm   1/1     Running   0          16s   app=myapp,pod-template-hash=84df7f978,slot=green,version=v2
app-green-84df7f978-msk2b   1/1     Running   0          16s   app=myapp,pod-template-hash=84df7f978,slot=green,version=v2
app-green-84df7f978-nz9f6   1/1     Running   0          16s   app=myapp,pod-template-hash=84df7f978,slot=green,version=v2

$ curl -s http://$(minikube ip):30020 | grep -io "blue environment\|green environment\|version: v[12]"
BLUE ENVIRONMENT
Version: v1

$ kubectl describe svc myapp-service | grep Selector
Selector:                 app=myapp,slot=blue

$ kubectl get endpoints myapp-service
Warning: v1 Endpoints is deprecated in v1.33+; use discovery.k8s.io/v1 EndpointSlice
NAME            ENDPOINTS                                      AGE
myapp-service   10.244.0.26:80,10.244.0.28:80,10.244.0.30:80   16s

$ kubectl apply -f 02-blue-green/service-green.yaml
service/myapp-service configured

$ curl -s http://$(minikube ip):30020 | grep -io "blue environment\|green environment\|version: v[12]"
GREEN ENVIRONMENT
Version: v2

$ kubectl describe svc myapp-service | grep Selector
Selector:                 app=myapp,slot=green

$ kubectl get endpoints myapp-service
Warning: v1 Endpoints is deprecated in v1.33+; use discovery.k8s.io/v1 EndpointSlice
NAME            ENDPOINTS                                      AGE
myapp-service   10.244.0.27:80,10.244.0.29:80,10.244.0.31:80   19s

$ kubectl apply -f 02-blue-green/service-blue.yaml
service/myapp-service configured

$ curl -s http://$(minikube ip):30020 | grep -io "blue environment\|green environment"
BLUE ENVIRONMENT

$ kubectl delete deployment app-blue
deployment.apps "app-blue" deleted from default namespace

$ kubectl delete -f 02-blue-green/service-blue.yaml
service "myapp-service" deleted from default namespace

$ kubectl delete -f 02-blue-green/deployment-green.yaml
deployment.apps "app-green" deleted from default namespace
########## 03 CANARY ##########

$ kubectl apply -f 03-canary/deployment-stable.yaml
deployment.apps/app-stable created

$ kubectl apply -f 03-canary/service.yaml
service/myapp-canary-service created

$ kubectl rollout status deployment/app-stable --timeout=180s
Waiting for deployment "app-stable" rollout to finish: 0 of 9 updated replicas are available...
Waiting for deployment "app-stable" rollout to finish: 1 of 9 updated replicas are available...
Waiting for deployment "app-stable" rollout to finish: 2 of 9 updated replicas are available...
Waiting for deployment "app-stable" rollout to finish: 3 of 9 updated replicas are available...
Waiting for deployment "app-stable" rollout to finish: 4 of 9 updated replicas are available...
Waiting for deployment "app-stable" rollout to finish: 5 of 9 updated replicas are available...
Waiting for deployment "app-stable" rollout to finish: 6 of 9 updated replicas are available...
Waiting for deployment "app-stable" rollout to finish: 7 of 9 updated replicas are available...
Waiting for deployment "app-stable" rollout to finish: 8 of 9 updated replicas are available...
deployment "app-stable" successfully rolled out

$ for i in $(seq 1 10); do curl -s http://$(minikube ip):30030 | grep -o "STABLE v1\|CANARY v2"; done
STABLE v1
STABLE v1
STABLE v1
STABLE v1
STABLE v1
STABLE v1
STABLE v1
STABLE v1
STABLE v1
STABLE v1

$ kubectl apply -f 03-canary/deployment-canary.yaml
deployment.apps/app-canary created

$ kubectl rollout status deployment/app-canary --timeout=120s
Waiting for deployment "app-canary" rollout to finish: 0 of 1 updated replicas are available...
deployment "app-canary" successfully rolled out

$ kubectl get pods -l app=myapp-canary --show-labels
NAME                          READY   STATUS    RESTARTS   AGE   LABELS
app-canary-5849994497-rkkfw   1/1     Running   0          7s    app=myapp-canary,pod-template-hash=5849994497,track=canary,version=v2
app-stable-6ffb777f9d-9h4ch   1/1     Running   0          18s   app=myapp-canary,pod-template-hash=6ffb777f9d,track=stable,version=v1
app-stable-6ffb777f9d-csxf5   1/1     Running   0          18s   app=myapp-canary,pod-template-hash=6ffb777f9d,track=stable,version=v1
app-stable-6ffb777f9d-hjrgx   1/1     Running   0          18s   app=myapp-canary,pod-template-hash=6ffb777f9d,track=stable,version=v1
app-stable-6ffb777f9d-jc8qg   1/1     Running   0          18s   app=myapp-canary,pod-template-hash=6ffb777f9d,track=stable,version=v1
app-stable-6ffb777f9d-lkk45   1/1     Running   0          18s   app=myapp-canary,pod-template-hash=6ffb777f9d,track=stable,version=v1
app-stable-6ffb777f9d-p4zzf   1/1     Running   0          18s   app=myapp-canary,pod-template-hash=6ffb777f9d,track=stable,version=v1
app-stable-6ffb777f9d-rqqtf   1/1     Running   0          18s   app=myapp-canary,pod-template-hash=6ffb777f9d,track=stable,version=v1
app-stable-6ffb777f9d-wn4g7   1/1     Running   0          18s   app=myapp-canary,pod-template-hash=6ffb777f9d,track=stable,version=v1
app-stable-6ffb777f9d-wtj7b   1/1     Running   0          18s   app=myapp-canary,pod-template-hash=6ffb777f9d,track=stable,version=v1

$ for i in $(seq 1 20); do curl -s http://$(minikube ip):30030 | grep -o "STABLE v1\|CANARY v2"; done | sort | uniq -c
      6 CANARY v2
     14 STABLE v1

$ kubectl scale deployment app-canary --replicas=3
deployment.apps/app-canary scaled

$ kubectl scale deployment app-stable --replicas=7
deployment.apps/app-stable scaled

$ kubectl get endpoints myapp-canary-service
Warning: v1 Endpoints is deprecated in v1.33+; use discovery.k8s.io/v1 EndpointSlice
NAME                   ENDPOINTS                                                  AGE
myapp-canary-service   10.244.0.33:80,10.244.0.34:80,10.244.0.35:80 + 7 more...   34s

$ for i in $(seq 1 20); do curl -s http://$(minikube ip):30030 | grep -o "STABLE v1\|CANARY v2"; done | sort | uniq -c
      6 CANARY v2
     14 STABLE v1

$ kubectl scale deployment app-canary --replicas=9
deployment.apps/app-canary scaled

$ kubectl scale deployment app-stable --replicas=0
deployment.apps/app-stable scaled

$ for i in $(seq 1 5); do curl -s http://$(minikube ip):30030 | grep -o "STABLE v1\|CANARY v2"; done
CANARY v2
CANARY v2
CANARY v2
CANARY v2
CANARY v2

$ kubectl delete -f 03-canary/service.yaml
service "myapp-canary-service" deleted from default namespace

$ kubectl delete -f 03-canary/deployment-canary.yaml
deployment.apps "app-canary" deleted from default namespace

$ kubectl delete -f 03-canary/deployment-stable.yaml
deployment.apps "app-stable" deleted from default namespace
########## 04 RECREATE ##########

$ kubectl apply -f 04-recreate/deployment-v1.yaml
deployment.apps/app-recreate created

$ kubectl apply -f 04-recreate/service.yaml
service/app-recreate-service created

$ kubectl rollout status deployment/app-recreate --timeout=120s
Waiting for deployment "app-recreate" rollout to finish: 0 of 3 updated replicas are available...
Waiting for deployment "app-recreate" rollout to finish: 1 of 3 updated replicas are available...
Waiting for deployment "app-recreate" rollout to finish: 2 of 3 updated replicas are available...
deployment "app-recreate" successfully rolled out

$ curl -s http://$(minikube ip):30040 | grep -o "VERSION: [^<]*"
VERSION: v1

$ for i in $(seq 1 40); do curl -s --connect-timeout 1 http://$(minikube ip):30040 | grep -o "VERSION: [^<]*" || echo "[OUTAGE] Connection failed"; sleep 0.5; done > /tmp/recreate-curl.txt 2>&1 &

$ kubectl apply -f 04-recreate/deployment-v2.yaml
deployment.apps/app-recreate configured

$ kubectl rollout status deployment/app-recreate --timeout=120s
Waiting for deployment "app-recreate" rollout to finish: 0 out of 3 new replicas have been updated...
Waiting for deployment "app-recreate" rollout to finish: 0 out of 3 new replicas have been updated...
Waiting for deployment "app-recreate" rollout to finish: 0 out of 3 new replicas have been updated...
Waiting for deployment "app-recreate" rollout to finish: 0 out of 3 new replicas have been updated...
Waiting for deployment "app-recreate" rollout to finish: 0 out of 3 new replicas have been updated...
Waiting for deployment "app-recreate" rollout to finish: 0 of 3 updated replicas are available...
Waiting for deployment "app-recreate" rollout to finish: 1 of 3 updated replicas are available...
Waiting for deployment "app-recreate" rollout to finish: 2 of 3 updated replicas are available...
deployment "app-recreate" successfully rolled out

$ cat /tmp/recreate-curl.txt | uniq -c
      2 [OUTAGE] Connection failed
      3 VERSION: v2 (UPGRADED)

$ kubectl rollout undo deployment/app-recreate
Warning: resource deployments/app-recreate was previously managed with 'kubectl apply'. Rolling back will not update the kubectl.kubernetes.io/last-applied-configuration annotation, which may cause unexpected behavior on future 'kubectl apply' operations. Consider using 'kubectl apply' with your previous configuration file instead.
deployment.apps/app-recreate rolled back

$ kubectl rollout status deployment/app-recreate --timeout=120s
Waiting for deployment "app-recreate" rollout to finish: 0 out of 3 new replicas have been updated...
Waiting for deployment "app-recreate" rollout to finish: 0 out of 3 new replicas have been updated...
Waiting for deployment "app-recreate" rollout to finish: 0 out of 3 new replicas have been updated...
Waiting for deployment "app-recreate" rollout to finish: 0 out of 3 new replicas have been updated...
Waiting for deployment "app-recreate" rollout to finish: 0 of 3 updated replicas are available...
Waiting for deployment "app-recreate" rollout to finish: 1 of 3 updated replicas are available...
Waiting for deployment "app-recreate" rollout to finish: 2 of 3 updated replicas are available...
deployment "app-recreate" successfully rolled out

$ kubectl delete -f 04-recreate/service.yaml
service "app-recreate-service" deleted from default namespace

$ kubectl delete -f 04-recreate/deployment-v1.yaml
deployment.apps "app-recreate" deleted from default namespace
########## POD LIFECYCLE ##########

$ kubectl apply -f pod-lifecycle/01-running.yaml
pod/lifecycle-running created

$ kubectl apply -f pod-lifecycle/02-pending.yaml
pod/lifecycle-pending created

$ kubectl apply -f pod-lifecycle/03-succeeded.yaml
pod/lifecycle-succeeded created

$ kubectl apply -f pod-lifecycle/04-failed.yaml
pod/lifecycle-failed created

$ kubectl apply -f pod-lifecycle/06-imagepullbackoff.yaml
pod/lifecycle-image-error created

$ kubectl apply -f pod-lifecycle/07-readiness.yaml
pod/lifecycle-readiness created

$ kubectl apply -f pod-lifecycle/09-startup.yaml
pod/lifecycle-startup created

$ kubectl apply -f pod-lifecycle/10-init-container.yaml
pod/lifecycle-init created

$ kubectl apply -f pod-lifecycle/11-multi-container.yaml
pod/lifecycle-multi-container created

$ kubectl get pods
NAME                        READY   STATUS              RESTARTS   AGE
lifecycle-failed            0/1     Error               0          43s
lifecycle-image-error       0/1     ContainerCreating   0          42s
lifecycle-init              1/1     Running             0          40s
lifecycle-multi-container   2/2     Running             0          40s
lifecycle-pending           0/1     Pending             0          43s
lifecycle-readiness         1/1     Running             0          42s
lifecycle-running           1/1     Running             0          43s
lifecycle-startup           1/1     Running             0          41s
lifecycle-succeeded         0/1     Completed           0          43s

$ kubectl describe pod lifecycle-pending
Name:             lifecycle-pending
Namespace:        default
Priority:         0
Service Account:  default
Node:             <none>
Labels:           <none>
Annotations:      <none>
Status:           Pending
IP:               
IPs:              <none>
Containers:
  impossible-resource:
    Image:      nginx:1.27
    Port:       <none>
    Host Port:  <none>
    Requests:
      cpu:        1
      memory:     9Gi
    Environment:  <none>
    Mounts:
      /var/run/secrets/kubernetes.io/serviceaccount from kube-api-access-s9ppv (ro)
Conditions:
  Type           Status
  PodScheduled   False 
Volumes:
  kube-api-access-s9ppv:
    Type:                    Projected (a volume that contains injected data from multiple sources)
    TokenExpirationSeconds:  3607
    ConfigMapName:           kube-root-ca.crt
    Optional:                false
    DownwardAPI:             true
QoS Class:                   Burstable
Node-Selectors:              <none>
Tolerations:                 node.kubernetes.io/not-ready:NoExecute op=Exists for 300s
                             node.kubernetes.io/unreachable:NoExecute op=Exists for 300s
Events:
  Type     Reason            Age                From               Message
  ----     ------            ----               ----               -------
  Warning  FailedScheduling  34s (x3 over 43s)  default-scheduler  0/1 nodes are available: 1 Insufficient memory. preemption: 0/1 nodes are available: 1 Preemption is not helpful for scheduling.

$ kubectl logs lifecycle-succeeded
Task started
Task completed successfully

$ kubectl logs lifecycle-failed
Task started
Task failed

$ kubectl describe pod lifecycle-image-error
Name:             lifecycle-image-error
Namespace:        default
Priority:         0
Service Account:  default
Node:             minikube/192.168.49.2
Start Time:       Sat, 19 Sep 2026 20:51:38 +0000
Labels:           <none>
Annotations:      <none>
Status:           Pending
IP:               
IPs:              <none>
Containers:
  broken-image:
    Container ID:   
    Image:          jakwehrgkaejw:kahsdfgkhj
    Image ID:       
    Port:           <none>
    Host Port:      <none>
    State:          Waiting
      Reason:       ContainerCreating
    Ready:          False
    Restart Count:  0
    Environment:    <none>
    Mounts:
      /var/run/secrets/kubernetes.io/serviceaccount from kube-api-access-s2cl9 (ro)
Conditions:
  Type                        Status
  PodReadyToStartContainers   True 
  Initialized                 True 
  Ready                       False 
  ContainersReady             False 
  PodScheduled                True 
Volumes:
  kube-api-access-s2cl9:
    Type:                    Projected (a volume that contains injected data from multiple sources)
    TokenExpirationSeconds:  3607
    ConfigMapName:           kube-root-ca.crt
    Optional:                false
    DownwardAPI:             true
QoS Class:                   BestEffort
Node-Selectors:              <none>
Tolerations:                 node.kubernetes.io/not-ready:NoExecute op=Exists for 300s
                             node.kubernetes.io/unreachable:NoExecute op=Exists for 300s
Events:
  Type    Reason     Age   From               Message
  ----    ------     ----  ----               -------
  Normal  Scheduled  43s   default-scheduler  Successfully assigned default/lifecycle-image-error to minikube
  Normal  Pulling    41s   kubelet            spec.containers{broken-image}: Pulling image "jakwehrgkaejw:kahsdfgkhj"

$ kubectl get pod lifecycle-readiness -o jsonpath='{.status.conditions}'
[{"lastProbeTime":null,"lastTransitionTime":"2026-09-19T20:51:40Z","observedGeneration":1,"status":"True","type":"PodReadyToStartContainers"},{"lastProbeTime":null,"lastTransitionTime":"2026-09-19T20:51:38Z","observedGeneration":1,"status":"True","type":"Initialized"},{"lastProbeTime":null,"lastTransitionTime":"2026-09-19T20:51:46Z","observedGeneration":1,"status":"True","type":"Ready"},{"lastProbeTime":null,"lastTransitionTime":"2026-09-19T20:51:46Z","observedGeneration":1,"status":"True","type":"ContainersReady"},{"lastProbeTime":null,"lastTransitionTime":"2026-09-19T20:51:38Z","observedGeneration":1,"status":"True","type":"PodScheduled"}]
$ kubectl logs lifecycle-init -c setup
Init container running
Init complete

$ kubectl logs lifecycle-multi-container -c app
/docker-entrypoint.sh: /docker-entrypoint.d/ is not empty, will attempt to perform configuration
/docker-entrypoint.sh: Looking for shell scripts in /docker-entrypoint.d/
/docker-entrypoint.sh: Launching /docker-entrypoint.d/10-listen-on-ipv6-by-default.sh
10-listen-on-ipv6-by-default.sh: info: Getting the checksum of /etc/nginx/conf.d/default.conf
10-listen-on-ipv6-by-default.sh: info: Enabled listen on IPv6 in /etc/nginx/conf.d/default.conf
/docker-entrypoint.sh: Sourcing /docker-entrypoint.d/15-local-resolvers.envsh
/docker-entrypoint.sh: Launching /docker-entrypoint.d/20-envsubst-on-templates.sh
/docker-entrypoint.sh: Launching /docker-entrypoint.d/30-tune-worker-processes.sh
/docker-entrypoint.sh: Configuration complete; ready for start up
2026/09/19 20:51:41 [notice] 1#1: using the "epoll" event method
2026/09/19 20:51:41 [notice] 1#1: nginx/1.27.5
2026/09/19 20:51:41 [notice] 1#1: built by gcc 12.2.0 (Debian 12.2.0-14) 
2026/09/19 20:51:41 [notice] 1#1: OS: Linux 6.8.0-1064-azure
2026/09/19 20:51:41 [notice] 1#1: getrlimit(RLIMIT_NOFILE): 1048576:1048576
2026/09/19 20:51:41 [notice] 1#1: start worker processes
2026/09/19 20:51:41 [notice] 1#1: start worker process 29
2026/09/19 20:51:41 [notice] 1#1: start worker process 30

$ kubectl logs lifecycle-multi-container -c sidecar
Sidecar is running
Sidecar is running
Sidecar is running
Sidecar is running
Sidecar is running

$ kubectl apply -f pod-lifecycle/05-crashloopbackoff.yaml
pod/lifecycle-crashloop created

$ kubectl apply -f pod-lifecycle/08-liveness.yaml
pod/lifecycle-liveness created

$ kubectl get pods
NAME                        READY   STATUS              RESTARTS      AGE
lifecycle-crashloop         0/1     Error               4 (51s ago)   100s
lifecycle-failed            0/1     Error               0             2m24s
lifecycle-image-error       0/1     ContainerCreating   0             2m23s
lifecycle-init              1/1     Running             0             2m21s
lifecycle-liveness          1/1     Running             1 (39s ago)   100s
lifecycle-multi-container   2/2     Running             0             2m21s
lifecycle-pending           0/1     Pending             0             2m24s
lifecycle-readiness         1/1     Running             0             2m23s
lifecycle-running           1/1     Running             0             2m24s
lifecycle-startup           1/1     Running             0             2m22s
lifecycle-succeeded         0/1     Completed           0             2m24s

$ kubectl describe pod lifecycle-crashloop
Name:             lifecycle-crashloop
Namespace:        default
Priority:         0
Service Account:  default
Node:             minikube/192.168.49.2
Start Time:       Sat, 19 Sep 2026 20:52:21 +0000
Labels:           <none>
Annotations:      <none>
Status:           Running
IP:               10.244.0.67
IPs:
  IP:  10.244.0.67
Containers:
  crashing-app:
    Container ID:  containerd://025db97dd71a0077507ba01811e9c2467946d689d26ff0f4ff1f45cd29c7978a
    Image:         busybox:1.36
    Image ID:      sha256:b116e155074440ffd9e449559433feb4cd2341eb3554b1da1c638c976e56451d
    Port:          <none>
    Host Port:     <none>
    Command:
      sh
      -c
      echo 'Application started'; sleep 3; echo 'Application crashed'; exit 1
    State:          Terminated
      Reason:       Error
      Exit Code:    1
      Started:      Sat, 19 Sep 2026 20:53:51 +0000
      Finished:     Sat, 19 Sep 2026 20:53:54 +0000
    Last State:     Terminated
      Reason:       Error
      Exit Code:    1
      Started:      Sat, 19 Sep 2026 20:53:07 +0000
      Finished:     Sat, 19 Sep 2026 20:53:10 +0000
    Ready:          False
    Restart Count:  4
    Environment:    <none>
    Mounts:
      /var/run/secrets/kubernetes.io/serviceaccount from kube-api-access-jd9kh (ro)
Conditions:
  Type                        Status
  PodReadyToStartContainers   True 
  Initialized                 True 
  Ready                       False 
  ContainersReady             False 
  PodScheduled                True 
Volumes:
  kube-api-access-jd9kh:
    Type:                    Projected (a volume that contains injected data from multiple sources)
    TokenExpirationSeconds:  3607
    ConfigMapName:           kube-root-ca.crt
    Optional:                false
    DownwardAPI:             true
QoS Class:                   BestEffort
Node-Selectors:              <none>
Tolerations:                 node.kubernetes.io/not-ready:NoExecute op=Exists for 300s
                             node.kubernetes.io/unreachable:NoExecute op=Exists for 300s
Events:
  Type     Reason     Age                 From               Message
  ----     ------     ----                ----               -------
  Normal   Scheduled  101s                default-scheduler  Successfully assigned default/lifecycle-crashloop to minikube
  Normal   Pulled     11s (x5 over 100s)  kubelet            spec.containers{crashing-app}: Container image "busybox:1.36" already present on machine and can be accessed by the pod
  Normal   Created    11s (x5 over 100s)  kubelet            spec.containers{crashing-app}: Container created
  Normal   Started    11s (x5 over 100s)  kubelet            spec.containers{crashing-app}: Container started
  Warning  BackOff    8s (x4 over 93s)    kubelet            spec.containers{crashing-app}: Back-off restarting failed container crashing-app in pod lifecycle-crashloop_default(0ed46e2f-2261-421d-b1b2-af185202e3c0)

$ kubectl logs lifecycle-crashloop --previous
unable to retrieve container logs for containerd://c19deb5514e1469eb35bc219f0b4abe2b161e482811490ec021853cd9b724fb4
$ kubectl describe pod lifecycle-liveness
Name:             lifecycle-liveness
Namespace:        default
Priority:         0
Service Account:  default
Node:             minikube/192.168.49.2
Start Time:       Sat, 19 Sep 2026 20:52:21 +0000
Labels:           <none>
Annotations:      <none>
Status:           Running
IP:               10.244.0.68
IPs:
  IP:  10.244.0.68
Containers:
  app:
    Container ID:  containerd://77bf253e4b8c982dd2fbb506197745800e92a2ee8650a22243c59f2335da240c
    Image:         busybox:1.36
    Image ID:      sha256:b116e155074440ffd9e449559433feb4cd2341eb3554b1da1c638c976e56451d
    Port:          <none>
    Host Port:     <none>
    Command:
      sh
      -c
      echo 'App started'; touch /tmp/healthy; sleep 20; rm /tmp/healthy; echo 'Health file removed'; sleep 300
    State:          Running
      Started:      Sat, 19 Sep 2026 20:53:22 +0000
    Last State:     Terminated
      Reason:       Error
      Exit Code:    137
      Started:      Sat, 19 Sep 2026 20:52:22 +0000
      Finished:     Sat, 19 Sep 2026 20:53:22 +0000
    Ready:          True
    Restart Count:  1
    Liveness:       exec [sh -c test -f /tmp/healthy] delay=5s timeout=1s period=5s successThreshold=1 failureThreshold=2
    Environment:    <none>
    Mounts:
      /var/run/secrets/kubernetes.io/serviceaccount from kube-api-access-vkd54 (ro)
Conditions:
  Type                        Status
  PodReadyToStartContainers   True 
  Initialized                 True 
  Ready                       True 
  ContainersReady             True 
  PodScheduled                True 
Volumes:
  kube-api-access-vkd54:
    Type:                    Projected (a volume that contains injected data from multiple sources)
    TokenExpirationSeconds:  3607
    ConfigMapName:           kube-root-ca.crt
    Optional:                false
    DownwardAPI:             true
QoS Class:                   BestEffort
Node-Selectors:              <none>
Tolerations:                 node.kubernetes.io/not-ready:NoExecute op=Exists for 300s
                             node.kubernetes.io/unreachable:NoExecute op=Exists for 300s
Events:
  Type     Reason     Age                 From               Message
  ----     ------     ----                ----               -------
  Normal   Scheduled  101s                default-scheduler  Successfully assigned default/lifecycle-liveness to minikube
  Normal   Pulled     40s (x2 over 100s)  kubelet            spec.containers{app}: Container image "busybox:1.36" already present on machine and can be accessed by the pod
  Normal   Created    40s (x2 over 100s)  kubelet            spec.containers{app}: Container created
  Normal   Started    40s (x2 over 100s)  kubelet            spec.containers{app}: Container started
  Warning  Unhealthy  10s (x4 over 75s)   kubelet            spec.containers{app}: Liveness probe failed:
  Normal   Killing    10s (x2 over 70s)   kubelet            spec.containers{app}: Container app failed liveness probe, will be restarted

$ kubectl apply -f pod-lifecycle/12-termination.yaml
pod/lifecycle-termination created

$ kubectl get pod lifecycle-termination
NAME                    READY   STATUS    RESTARTS   AGE
lifecycle-termination   1/1     Running   0          5s

$ kubectl delete pod lifecycle-termination --wait=false
pod "lifecycle-termination" deleted from default namespace

$ kubectl get pod lifecycle-termination
NAME                    READY   STATUS        RESTARTS   AGE
lifecycle-termination   1/1     Terminating   0          7s

$ kubectl delete -f pod-lifecycle/ --ignore-not-found
pod "lifecycle-running" deleted from default namespace
pod "lifecycle-pending" deleted from default namespace
pod "lifecycle-succeeded" deleted from default namespace
pod "lifecycle-failed" deleted from default namespace
pod "lifecycle-crashloop" deleted from default namespace
pod "lifecycle-image-error" deleted from default namespace
pod "lifecycle-readiness" deleted from default namespace
pod "lifecycle-liveness" deleted from default namespace
pod "lifecycle-startup" deleted from default namespace
pod "lifecycle-init" deleted from default namespace
pod "lifecycle-multi-container" deleted from default namespace
pod "lifecycle-termination" deleted from default namespace
SESSION 10 DONE
