### SESSION 15 RUN - Wed Oct  7 06:12:09 UTC 2026 - codespace codespaces-d454e6; helm: v4.3.0+gbec5b06
notes-chart/Chart.yaml
notes-chart/templates/configmap.yaml
notes-chart/templates/deployment.yaml
notes-chart/templates/service.yaml
notes-chart/values-prod.yaml
notes-chart/values.yaml
=== STEP 8 lint ===
==> Linting notes-chart
[INFO] Chart.yaml: icon is recommended

1 chart(s) linted, 0 chart(s) failed
=== STEP 9 template ===
---
# Source: notes-chart/templates/configmap.yaml
apiVersion: v1
kind: ConfigMap
metadata:
  name: notes-dev-config
data:
  APP_NAME: "notes-app"
  ENVIRONMENT: "development"

---
# Source: notes-chart/templates/service.yaml
apiVersion: v1
kind: Service
metadata:
  name: notes-dev-svc
spec:
  type: NodePort
  selector:
    app: notes-dev
  ports:
    - port: 80
      targetPort: 80
      nodePort: 30090

---
# Source: notes-chart/templates/deployment.yaml
apiVersion: apps/v1
kind: Deployment
metadata:
  name: notes-dev-deploy
  labels:
    app: notes-dev
    environment: development
spec:
  replicas: 1
  selector:
    matchLabels:
      app: notes-dev
  template:
=== STEP 10 install dev ===
NAME: notes-dev
LAST DEPLOYED: Wed Oct  7 06:12:09 2026
NAMESPACE: default
STATUS: deployed
REVISION: 1
DESCRIPTION: Install complete
TEST SUITE: None
deployment.apps/notes-dev-deploy condition met
NAME                                   READY   STATUS    RESTARTS   AGE
notes-dev-deploy-74956bd987-x8fbs      1/1     Running   0          1s
project-broken-pod                     1/1     Running   0          4m38s
troubleshooting-app-59d4957864-g8d57   1/1     Running   0          4m39s
troubleshooting-app-59d4957864-r687d   1/1     Running   0          4m39s
NAME                      TYPE        CLUSTER-IP     EXTERNAL-IP   PORT(S)        AGE
kubernetes                ClusterIP   10.96.0.1      <none>        443/TCP        28m
notes-dev-svc             NodePort    10.101.6.38    <none>        80:30090/TCP   1s
troubleshooting-service   ClusterIP   10.104.34.17   <none>        80/TCP         4m39s
NAME               DATA   AGE
kube-root-ca.crt   1      28m
notes-dev-config   2      1s
=== STEP 11 upgrade to prod values ===
Release "notes-dev" has been upgraded. Happy Helming!
NAME: notes-dev
LAST DEPLOYED: Wed Oct  7 06:12:11 2026
NAMESPACE: default
STATUS: deployed
REVISION: 2
DESCRIPTION: Upgrade complete
TEST SUITE: None
deployment.apps/notes-dev-deploy condition met
NAME                                   READY   STATUS        RESTARTS   AGE
notes-dev-deploy-74956bd987-hs2rc      1/1     Running       0          1s
notes-dev-deploy-74956bd987-hxb4r      1/1     Terminating   0          1s
notes-dev-deploy-74956bd987-x8fbs      1/1     Running       0          2s
notes-dev-deploy-bbcc464b4-9dkhc       0/1     Pending       0          0s
notes-dev-deploy-bbcc464b4-gxrmx       1/1     Running       0          1s
project-broken-pod                     1/1     Running       0          4m39s
troubleshooting-app-59d4957864-g8d57   1/1     Running       0          4m40s
troubleshooting-app-59d4957864-r687d   1/1     Running       0          4m40s
=== STEP 12 history ===
REVISION	UPDATED                 	STATUS    	CHART            	APP VERSION	DESCRIPTION     
1       	Wed Oct  7 06:12:09 2026	superseded	notes-chart-0.1.0	1.0        	Install complete
2       	Wed Oct  7 06:12:11 2026	deployed  	notes-chart-0.1.0	1.0        	Upgrade complete
=== STEP 13 bad upgrade ===
Release "notes-dev" has been upgraded. Happy Helming!
NAME: notes-dev
LAST DEPLOYED: Wed Oct  7 06:12:13 2026
NAMESPACE: default
STATUS: deployed
REVISION: 3
DESCRIPTION: Upgrade complete
TEST SUITE: None
NAME                                   READY   STATUS              RESTARTS   AGE
notes-dev-deploy-79b4dbdffd-dqn9p      0/1     ContainerCreating   0          15s
notes-dev-deploy-bbcc464b4-9dkhc       1/1     Terminating         0          16s
notes-dev-deploy-bbcc464b4-gxrmx       1/1     Running             0          17s
project-broken-pod                     1/1     Running             0          4m55s
troubleshooting-app-59d4957864-g8d57   1/1     Running             0          4m56s
troubleshooting-app-59d4957864-r687d   1/1     Running             0          4m56s
Events:
  Type    Reason     Age   From               Message
  ----    ------     ----  ----               -------
  Normal  Scheduled  16s   default-scheduler  Successfully assigned default/notes-dev-deploy-79b4dbdffd-dqn9p to minikube
  Normal  Pulling    15s   kubelet            spec.containers{notes}: Pulling image "nginx:broken-tag-does-not-exist"
=== STEP 14 rollback to revision 2 ===
Rollback was a success! Happy Helming!
Waiting for deployment "notes-dev-deploy" rollout to finish: 2 out of 3 new replicas have been updated...
Waiting for deployment "notes-dev-deploy" rollout to finish: 2 out of 3 new replicas have been updated...
Waiting for deployment "notes-dev-deploy" rollout to finish: 2 out of 3 new replicas have been updated...
Waiting for deployment "notes-dev-deploy" rollout to finish: 1 old replicas are pending termination...
Waiting for deployment "notes-dev-deploy" rollout to finish: 1 old replicas are pending termination...
Waiting for deployment "notes-dev-deploy" rollout to finish: 1 old replicas are pending termination...
deployment "notes-dev-deploy" successfully rolled out
NAME                                   READY   STATUS        RESTARTS   AGE
notes-dev-deploy-79b4dbdffd-dqn9p      0/1     Terminating   0          17s
notes-dev-deploy-79b4dbdffd-qszbx      0/1     Terminating   0          1s
notes-dev-deploy-bbcc464b4-9dkhc       1/1     Terminating   0          18s
notes-dev-deploy-bbcc464b4-gxrmx       1/1     Running       0          19s
notes-dev-deploy-bbcc464b4-qk5ws       1/1     Running       0          1s
notes-dev-deploy-bbcc464b4-zmh4r       1/1     Running       0          0s
project-broken-pod                     1/1     Running       0          4m57s
troubleshooting-app-59d4957864-g8d57   1/1     Running       0          4m58s
troubleshooting-app-59d4957864-r687d   1/1     Running       0          4m58s
REVISION	UPDATED                 	STATUS    	CHART            	APP VERSION	DESCRIPTION     
1       	Wed Oct  7 06:12:09 2026	superseded	notes-chart-0.1.0	1.0        	Install complete
2       	Wed Oct  7 06:12:11 2026	superseded	notes-chart-0.1.0	1.0        	Upgrade complete
3       	Wed Oct  7 06:12:13 2026	superseded	notes-chart-0.1.0	1.0        	Upgrade complete
4       	Wed Oct  7 06:12:29 2026	deployed  	notes-chart-0.1.0	1.0        	Rollback to 2   
=== STEP 15 cleanup ===
release "notes-dev" uninstalled
NAME                                   READY   STATUS        RESTARTS   AGE
notes-dev-deploy-79b4dbdffd-dqn9p      0/1     Terminating   0          18s
notes-dev-deploy-79b4dbdffd-qszbx      0/1     Terminating   0          2s
notes-dev-deploy-bbcc464b4-9dkhc       1/1     Terminating   0          19s
notes-dev-deploy-bbcc464b4-gxrmx       1/1     Terminating   0          20s
notes-dev-deploy-bbcc464b4-qk5ws       1/1     Terminating   0          2s
notes-dev-deploy-bbcc464b4-zmh4r       1/1     Terminating   0          1s
project-broken-pod                     1/1     Running       0          4m58s
troubleshooting-app-59d4957864-g8d57   1/1     Running       0          4m59s
troubleshooting-app-59d4957864-r687d   1/1     Running       0          4m59s
NAME                      TYPE        CLUSTER-IP     EXTERNAL-IP   PORT(S)   AGE
kubernetes                ClusterIP   10.96.0.1      <none>        443/TCP   28m
troubleshooting-service   ClusterIP   10.104.34.17   <none>        80/TCP    4m59s
### S15 DONE - Wed Oct  7 06:12:31 UTC 2026
