### SESSION 19 RUN v2 (Terraform VPC on LocalStack) - Wed Oct  7 06:44:55 UTC 2026 - codespace codespaces-d454e6
{"services": {"acm": "disabled", "apigateway": "disabled", "cloudformation": "disabled", "cloudwatch": "disabled", "config": "disabled", "dynamodb": "available", "dynamodbstreams": "available", "ec2": "available", "es": "disabled", "events": "disabled", "firehose": "disabled", "iam": "available", "k
=== terraform init ===
Initializing the backend...
Initializing provider plugins...
- Finding hashicorp/aws versions matching "~> 6.0"...
- Installing hashicorp/aws v6.67.0...
- Installed hashicorp/aws v6.67.0 (signed by HashiCorp)
Terraform has created a lock file .terraform.lock.hcl to record the provider
selections it made above. Include this file in your version control repository
so that Terraform can guarantee to make the same selections by default when
you run "terraform init" in the future.

Terraform has been successfully initialized!

You may now begin working with Terraform. Try running "terraform plan" to see
any changes that are required for your infrastructure. All Terraform commands
should now work.

If you ever set or change modules or backend configuration for Terraform,
rerun this command to reinitialize your working directory. If you forget, other
commands will detect it and remind you to do so if necessary.
=== terraform fmt ===
main.tf
=== terraform validate ===
Success! The configuration is valid.

=== terraform plan ===

Terraform used the selected providers to generate the following execution
plan. Resource actions are indicated with the following symbols:
  + create

Terraform will perform the following actions:

  # aws_internet_gateway.main will be created
  + resource "aws_internet_gateway" "main" {
      + arn      = (known after apply)
      + id       = (known after apply)
      + owner_id = (known after apply)
      + region   = "ap-south-1"
      + tags     = {
          + "ManagedBy" = "Terraform"
          + "Name"      = "session19-mini-igw"
          + "Session"   = "19"
        }
      + tags_all = {
          + "ManagedBy" = "Terraform"
          + "Name"      = "session19-mini-igw"
          + "Session"   = "19"
        }
      + vpc_id   = (known after apply)
    }

  # aws_route_table.public will be created
  + resource "aws_route_table" "public" {
      + arn              = (known after apply)
      + id               = (known after apply)
      + owner_id         = (known after apply)
      + propagating_vgws = (known after apply)
      + region           = "ap-south-1"
      + route            = [
          + {
              + cidr_block                 = "0.0.0.0/0"
              + gateway_id                 = (known after apply)
                # (12 unchanged attributes hidden)
            },
        ]
      + tags             = {
          + "ManagedBy" = "Terraform"
          + "Name"      = "session19-mini-public-rt"
          + "Session"   = "19"
        }
      + tags_all         = {
          + "ManagedBy" = "Terraform"
          + "Name"      = "session19-mini-public-rt"
          + "Session"   = "19"
        }
      + vpc_id           = (known after apply)
    }

  # aws_route_table_association.public will be created
  + resource "aws_route_table_association" "public" {
      + id             = (known after apply)
      + region         = "ap-south-1"
      + route_table_id = (known after apply)
      + subnet_id      = (known after apply)
    }

  # aws_security_group.web will be created
  + resource "aws_security_group" "web" {
      + arn                    = (known after apply)
      + description            = "Allow HTTP and HTTPS for Session 19"
      + egress                 = [
          + {
              + cidr_blocks      = [
                  + "0.0.0.0/0",
                ]
              + description      = "Allow outbound IPv4"
              + from_port        = 0
              + ipv6_cidr_blocks = []
              + prefix_list_ids  = []
              + protocol         = "-1"
              + security_groups  = []
              + self             = false
              + to_port          = 0
            },
        ]
      + id                     = (known after apply)
      + ingress                = [
          + {
              + cidr_blocks      = [
                  + "0.0.0.0/0",
                ]
              + description      = "HTTP"
              + from_port        = 80
              + ipv6_cidr_blocks = []
              + prefix_list_ids  = []
              + protocol         = "tcp"
              + security_groups  = []
              + self             = false
              + to_port          = 80
            },
          + {
              + cidr_blocks      = [
                  + "0.0.0.0/0",
                ]
              + description      = "HTTPS"
              + from_port        = 443
              + ipv6_cidr_blocks = []
              + prefix_list_ids  = []
              + protocol         = "tcp"
              + security_groups  = []
              + self             = false
              + to_port          = 443
            },
        ]
      + name                   = "session19-mini-web-sg"
      + name_prefix            = (known after apply)
      + owner_id               = (known after apply)
      + region                 = "ap-south-1"
      + revoke_rules_on_delete = false
      + tags                   = {
          + "ManagedBy" = "Terraform"
          + "Name"      = "session19-mini-web-sg"
          + "Session"   = "19"
        }
      + tags_all               = {
          + "ManagedBy" = "Terraform"
          + "Name"      = "session19-mini-web-sg"
          + "Session"   = "19"
        }
      + vpc_id                 = (known after apply)
    }

  # aws_subnet.public will be created
  + resource "aws_subnet" "public" {
      + arn                                            = (known after apply)
      + assign_ipv6_address_on_creation                = false
      + availability_zone                              = "ap-south-1a"
      + availability_zone_id                           = (known after apply)
      + cidr_block                                     = "10.20.1.0/24"
      + enable_dns64                                   = false
      + enable_resource_name_dns_a_record_on_launch    = false
      + enable_resource_name_dns_aaaa_record_on_launch = false
      + id                                             = (known after apply)
      + ipv6_cidr_block                                = (known after apply)
      + ipv6_cidr_block_association_id                 = (known after apply)
      + ipv6_native                                    = false
      + map_public_ip_on_launch                        = true
      + owner_id                                       = (known after apply)
      + private_dns_hostname_type_on_launch            = (known after apply)
      + region                                         = "ap-south-1"
      + tags                                           = {
          + "ManagedBy" = "Terraform"
          + "Name"      = "session19-mini-public-subnet"
          + "Session"   = "19"
        }
      + tags_all                                       = {
          + "ManagedBy" = "Terraform"
          + "Name"      = "session19-mini-public-subnet"
          + "Session"   = "19"
        }
      + vpc_id                                         = (known after apply)
    }

  # aws_vpc.main will be created
  + resource "aws_vpc" "main" {
      + arn                                  = (known after apply)
      + cidr_block                           = "10.20.0.0/16"
      + default_network_acl_id               = (known after apply)
      + default_route_table_id               = (known after apply)
      + default_security_group_id            = (known after apply)
      + dhcp_options_id                      = (known after apply)
      + enable_dns_hostnames                 = true
      + enable_dns_support                   = true
      + enable_network_address_usage_metrics = (known after apply)
      + id                                   = (known after apply)
      + instance_tenancy                     = "default"
      + ipv6_association_id                  = (known after apply)
      + ipv6_cidr_block                      = (known after apply)
      + ipv6_cidr_block_network_border_group = (known after apply)
      + main_route_table_id                  = (known after apply)
      + owner_id                             = (known after apply)
      + region                               = "ap-south-1"
      + tags                                 = {
          + "ManagedBy" = "Terraform"
          + "Name"      = "session19-mini-vpc"
          + "Session"   = "19"
        }
      + tags_all                             = {
          + "ManagedBy" = "Terraform"
          + "Name"      = "session19-mini-vpc"
          + "Session"   = "19"
        }
    }

Plan: 6 to add, 0 to change, 0 to destroy.

Changes to Outputs:
  + security_group_id = (known after apply)
  + subnet_id         = (known after apply)
  + vpc_cidr          = "10.20.0.0/16"
  + vpc_id            = (known after apply)

─────────────────────────────────────────────────────────────────────────────

Note: You didn't use the -out option to save this plan, so Terraform can't
guarantee to take exactly these actions if you run "terraform apply" now.
=== terraform apply ===

Terraform used the selected providers to generate the following execution
plan. Resource actions are indicated with the following symbols:
  + create

Terraform will perform the following actions:

  # aws_internet_gateway.main will be created
  + resource "aws_internet_gateway" "main" {
      + arn      = (known after apply)
      + id       = (known after apply)
      + owner_id = (known after apply)
      + region   = "ap-south-1"
      + tags     = {
          + "ManagedBy" = "Terraform"
          + "Name"      = "session19-mini-igw"
          + "Session"   = "19"
        }
      + tags_all = {
          + "ManagedBy" = "Terraform"
          + "Name"      = "session19-mini-igw"
          + "Session"   = "19"
        }
      + vpc_id   = (known after apply)
    }

  # aws_route_table.public will be created
  + resource "aws_route_table" "public" {
      + arn              = (known after apply)
      + id               = (known after apply)
      + owner_id         = (known after apply)
      + propagating_vgws = (known after apply)
      + region           = "ap-south-1"
      + route            = [
          + {
              + cidr_block                 = "0.0.0.0/0"
              + gateway_id                 = (known after apply)
                # (12 unchanged attributes hidden)
            },
        ]
      + tags             = {
          + "ManagedBy" = "Terraform"
          + "Name"      = "session19-mini-public-rt"
          + "Session"   = "19"
        }
      + tags_all         = {
          + "ManagedBy" = "Terraform"
          + "Name"      = "session19-mini-public-rt"
          + "Session"   = "19"
        }
      + vpc_id           = (known after apply)
    }

  # aws_route_table_association.public will be created
  + resource "aws_route_table_association" "public" {
      + id             = (known after apply)
      + region         = "ap-south-1"
      + route_table_id = (known after apply)
      + subnet_id      = (known after apply)
    }

  # aws_security_group.web will be created
  + resource "aws_security_group" "web" {
      + arn                    = (known after apply)
      + description            = "Allow HTTP and HTTPS for Session 19"
      + egress                 = [
          + {
              + cidr_blocks      = [
                  + "0.0.0.0/0",
                ]
              + description      = "Allow outbound IPv4"
              + from_port        = 0
              + ipv6_cidr_blocks = []
              + prefix_list_ids  = []
              + protocol         = "-1"
              + security_groups  = []
              + self             = false
              + to_port          = 0
            },
        ]
      + id                     = (known after apply)
      + ingress                = [
          + {
              + cidr_blocks      = [
                  + "0.0.0.0/0",
                ]
              + description      = "HTTP"
              + from_port        = 80
              + ipv6_cidr_blocks = []
              + prefix_list_ids  = []
              + protocol         = "tcp"
              + security_groups  = []
              + self             = false
              + to_port          = 80
            },
          + {
              + cidr_blocks      = [
                  + "0.0.0.0/0",
                ]
              + description      = "HTTPS"
              + from_port        = 443
              + ipv6_cidr_blocks = []
              + prefix_list_ids  = []
              + protocol         = "tcp"
              + security_groups  = []
              + self             = false
              + to_port          = 443
            },
        ]
      + name                   = "session19-mini-web-sg"
      + name_prefix            = (known after apply)
      + owner_id               = (known after apply)
      + region                 = "ap-south-1"
      + revoke_rules_on_delete = false
      + tags                   = {
          + "ManagedBy" = "Terraform"
          + "Name"      = "session19-mini-web-sg"
          + "Session"   = "19"
        }
      + tags_all               = {
          + "ManagedBy" = "Terraform"
          + "Name"      = "session19-mini-web-sg"
          + "Session"   = "19"
        }
      + vpc_id                 = (known after apply)
    }

  # aws_subnet.public will be created
  + resource "aws_subnet" "public" {
      + arn                                            = (known after apply)
      + assign_ipv6_address_on_creation                = false
      + availability_zone                              = "ap-south-1a"
      + availability_zone_id                           = (known after apply)
      + cidr_block                                     = "10.20.1.0/24"
      + enable_dns64                                   = false
      + enable_resource_name_dns_a_record_on_launch    = false
      + enable_resource_name_dns_aaaa_record_on_launch = false
      + id                                             = (known after apply)
      + ipv6_cidr_block                                = (known after apply)
      + ipv6_cidr_block_association_id                 = (known after apply)
      + ipv6_native                                    = false
      + map_public_ip_on_launch                        = true
      + owner_id                                       = (known after apply)
      + private_dns_hostname_type_on_launch            = (known after apply)
      + region                                         = "ap-south-1"
      + tags                                           = {
          + "ManagedBy" = "Terraform"
          + "Name"      = "session19-mini-public-subnet"
          + "Session"   = "19"
        }
      + tags_all                                       = {
          + "ManagedBy" = "Terraform"
          + "Name"      = "session19-mini-public-subnet"
          + "Session"   = "19"
        }
      + vpc_id                                         = (known after apply)
    }

  # aws_vpc.main will be created
  + resource "aws_vpc" "main" {
      + arn                                  = (known after apply)
      + cidr_block                           = "10.20.0.0/16"
      + default_network_acl_id               = (known after apply)
      + default_route_table_id               = (known after apply)
      + default_security_group_id            = (known after apply)
      + dhcp_options_id                      = (known after apply)
      + enable_dns_hostnames                 = true
      + enable_dns_support                   = true
      + enable_network_address_usage_metrics = (known after apply)
      + id                                   = (known after apply)
      + instance_tenancy                     = "default"
      + ipv6_association_id                  = (known after apply)
      + ipv6_cidr_block                      = (known after apply)
      + ipv6_cidr_block_network_border_group = (known after apply)
      + main_route_table_id                  = (known after apply)
      + owner_id                             = (known after apply)
      + region                               = "ap-south-1"
      + tags                                 = {
          + "ManagedBy" = "Terraform"
          + "Name"      = "session19-mini-vpc"
          + "Session"   = "19"
        }
      + tags_all                             = {
          + "ManagedBy" = "Terraform"
          + "Name"      = "session19-mini-vpc"
          + "Session"   = "19"
        }
    }

Plan: 6 to add, 0 to change, 0 to destroy.

Changes to Outputs:
  + security_group_id = (known after apply)
  + subnet_id         = (known after apply)
  + vpc_cidr          = "10.20.0.0/16"
  + vpc_id            = (known after apply)
aws_vpc.main: Creating...
aws_vpc.main: Creation complete after 2s [id=vpc-f2d2c4ed9e53b3c11]
aws_internet_gateway.main: Creating...
aws_subnet.public: Creating...
aws_security_group.web: Creating...
aws_internet_gateway.main: Creation complete after 0s [id=igw-66640b7c240552a96]
aws_route_table.public: Creating...
aws_security_group.web: Creation complete after 1s [id=sg-dd9c42c6d20ef8970]
aws_route_table.public: Creation complete after 1s [id=rtb-21753acfd519c4c4c]
aws_subnet.public: Still creating... 10s elapsed]
aws_subnet.public: Creation complete after 10s [id=subnet-d1fb6abaf0810fb8e]
aws_route_table_association.public: Creating...
aws_route_table_association.public: Creation complete after 0s [id=rtbassoc-33f2cc00deda3b455]

Apply complete! Resources: 6 added, 0 changed, 0 destroyed.

Outputs:

security_group_id = "sg-dd9c42c6d20ef8970"
subnet_id = "subnet-d1fb6abaf0810fb8e"
vpc_cidr = "10.20.0.0/16"
vpc_id = "vpc-f2d2c4ed9e53b3c11"
=== terraform output ===
security_group_id = "sg-dd9c42c6d20ef8970"
subnet_id = "subnet-d1fb6abaf0810fb8e"
vpc_cidr = "10.20.0.0/16"
vpc_id = "vpc-f2d2c4ed9e53b3c11"
=== terraform state list ===
aws_internet_gateway.main
aws_route_table.public
aws_route_table_association.public
aws_security_group.web
aws_subnet.public
aws_vpc.main
=== LocalStack EC2 verification ===
--------------------------------------------
|               DescribeVpcs               |
+----------------+-------------------------+
|      Cidr      |          VpcId          |
+----------------+-------------------------+
|  172.31.0.0/16 |  vpc-0491d47ba937a2a09  |
+----------------+-------------------------+
--------------------------------------------------------------
|                       DescribeSubnets                      |
+------------+------------------+----------------------------+
|     AZ     |      Cidr        |         SubnetId           |
+------------+------------------+----------------------------+
|  us-east-1a|  172.31.0.0/20   |  subnet-be133e0c420cd994e  |
|  us-east-1b|  172.31.16.0/20  |  subnet-3c17794d13e0bdb37  |
|  us-east-1c|  172.31.32.0/20  |  subnet-673036a6bbee71802  |
|  us-east-1d|  172.31.48.0/20  |  subnet-6a4d613e0a4255ec8  |
|  us-east-1e|  172.31.64.0/20  |  subnet-f599f1b935dbfe8e4  |
|  us-east-1f|  172.31.80.0/20  |  subnet-749a6ec75bfa9ec3f  |
+------------+------------------+----------------------------+
---------------------------
|   DescribeRouteTables   |
+-------------------------+
|           RT            |
+-------------------------+
|  rtb-286c4660b52ce5c02  |
+-------------------------+
-------------------------------------
|      DescribeSecurityGroups       |
+----------+------------------------+
|   Name   |          SG            |
+----------+------------------------+
|  default |  sg-2187af1d943e990c0  |
+----------+------------------------+
### S19 DONE - Wed Oct  7 06:46:13 UTC 2026
