### SESSION 18 RUN v3 (Terraform S3 on LocalStack) - Wed Oct  7 06:56:24 UTC 2026 - codespace codespaces-d454e6
{"services": {"acm": "disabled", "apigateway": "disabled", "cloudformation": "disabled", "cloudwatch": "disabled", "config": "disabled", "dynamodb": "available", "dynamodbstreams": "available", "ec2": "running", "es": "disabled", "events": "disabled", "firehose": "disabled", "iam": "available", "kin
=== note: official lab outputs.tf used 'type' in output blocks (invalid); removed those lines ===
2d1
<   type        = string
7d5
<   type        = string
12d9
<   type        = string
=== terraform init ===
Initializing the backend...
Initializing provider plugins...
- Finding hashicorp/aws versions matching "~> 6.0"...
- Installing hashicorp/aws v6.67.0...
- Installed hashicorp/aws v6.67.0 (signed by HashiCorp)
Terraform has created a lock file .terraform.lock.hcl to record the provider
selections it made above. Include this file in your version control repository
so that Terraform can guarantee to make the same selections by default when
you run "terraform init" in the future.

Terraform has been successfully initialized!

You may now begin working with Terraform. Try running "terraform plan" to see
any changes that are required for your infrastructure. All Terraform commands
should now work.

If you ever set or change modules or backend configuration for Terraform,
rerun this command to reinitialize your working directory. If you forget, other
commands will detect it and remind you to do so if necessary.
=== terraform fmt ===
=== terraform validate ===
Success! The configuration is valid.

=== terraform plan ===

Terraform used the selected providers to generate the following execution
plan. Resource actions are indicated with the following symbols:
  + create

Terraform will perform the following actions:

  # aws_s3_bucket.devops553 will be created
  + resource "aws_s3_bucket" "devops553" {
      + acceleration_status         = (known after apply)
      + acl                         = (known after apply)
      + arn                         = (known after apply)
      + bucket                      = "rachit-24bcs10139-s18"
      + bucket_domain_name          = (known after apply)
      + bucket_namespace            = (known after apply)
      + bucket_prefix               = (known after apply)
      + bucket_region               = (known after apply)
      + bucket_regional_domain_name = (known after apply)
      + force_destroy               = true
      + hosted_zone_id              = (known after apply)
      + id                          = (known after apply)
      + object_lock_enabled         = (known after apply)
      + policy                      = (known after apply)
      + region                      = "ap-south-1"
      + request_payer               = (known after apply)
      + tags                        = {
          + "Environment" = "dev"
          + "ManagedBy"   = "Terraform"
          + "Name"        = "rachit-24bcs10139-s18"
          + "Project"     = "Session18"
        }
      + tags_all                    = {
          + "Environment" = "dev"
          + "ManagedBy"   = "Terraform"
          + "Name"        = "rachit-24bcs10139-s18"
          + "Project"     = "Session18"
        }
      + website_domain              = (known after apply)
      + website_endpoint            = (known after apply)

      + cors_rule (known after apply)

      + grant (known after apply)

      + lifecycle_rule (known after apply)

      + logging (known after apply)

      + object_lock_configuration (known after apply)

      + replication_configuration (known after apply)

      + server_side_encryption_configuration (known after apply)

      + versioning (known after apply)

      + website (known after apply)
    }

Plan: 1 to add, 0 to change, 0 to destroy.

Changes to Outputs:
  + bucket_arn    = (known after apply)
  + bucket_name   = "rachit-24bcs10139-s18"
  + bucket_region = "ap-south-1"

─────────────────────────────────────────────────────────────────────────────

Note: You didn't use the -out option to save this plan, so Terraform can't
guarantee to take exactly these actions if you run "terraform apply" now.
=== terraform apply ===

Terraform used the selected providers to generate the following execution
plan. Resource actions are indicated with the following symbols:
  + create

Terraform will perform the following actions:

  # aws_s3_bucket.devops553 will be created
  + resource "aws_s3_bucket" "devops553" {
      + acceleration_status         = (known after apply)
      + acl                         = (known after apply)
      + arn                         = (known after apply)
      + bucket                      = "rachit-24bcs10139-s18"
      + bucket_domain_name          = (known after apply)
      + bucket_namespace            = (known after apply)
      + bucket_prefix               = (known after apply)
      + bucket_region               = (known after apply)
      + bucket_regional_domain_name = (known after apply)
      + force_destroy               = true
      + hosted_zone_id              = (known after apply)
      + id                          = (known after apply)
      + object_lock_enabled         = (known after apply)
      + policy                      = (known after apply)
      + region                      = "ap-south-1"
      + request_payer               = (known after apply)
      + tags                        = {
          + "Environment" = "dev"
          + "ManagedBy"   = "Terraform"
          + "Name"        = "rachit-24bcs10139-s18"
          + "Project"     = "Session18"
        }
      + tags_all                    = {
          + "Environment" = "dev"
          + "ManagedBy"   = "Terraform"
          + "Name"        = "rachit-24bcs10139-s18"
          + "Project"     = "Session18"
        }
      + website_domain              = (known after apply)
      + website_endpoint            = (known after apply)

      + cors_rule (known after apply)

      + grant (known after apply)

      + lifecycle_rule (known after apply)

      + logging (known after apply)

      + object_lock_configuration (known after apply)

      + replication_configuration (known after apply)

      + server_side_encryption_configuration (known after apply)

      + versioning (known after apply)

      + website (known after apply)
    }

Plan: 1 to add, 0 to change, 0 to destroy.

Changes to Outputs:
  + bucket_arn    = (known after apply)
  + bucket_name   = "rachit-24bcs10139-s18"
  + bucket_region = "ap-south-1"
aws_s3_bucket.devops553: Creating...
aws_s3_bucket.devops553: Creation complete after 0s [id=rachit-24bcs10139-s18]

Apply complete! Resources: 1 added, 0 changed, 0 destroyed.

Outputs:

bucket_arn = "arn:aws:s3:::rachit-24bcs10139-s18"
bucket_name = "rachit-24bcs10139-s18"
bucket_region = "ap-south-1"
=== terraform output ===
bucket_arn = "arn:aws:s3:::rachit-24bcs10139-s18"
bucket_name = "rachit-24bcs10139-s18"
bucket_region = "ap-south-1"
=== verify bucket in LocalStack ===
2026-10-07 06:57:25 rachit-24bcs10139-s18
=== upload test object + list ===
Completed 29 Bytes/29 Bytes (1.7 KiB/s) with 1 file(s) remaining
upload: ../../../tmp/hello.txt to s3://rachit-24bcs10139-s18/hello.txt
2026-10-07 06:57:29         29 hello.txt
### S18 DONE - Wed Oct  7 06:57:30 UTC 2026
